\BOOKMARK [1][-]{section.1}{\376\377\137\025\212\000}{}% 1
\BOOKMARK [1][-]{section.2}{\376\377\230\204\131\007\167\345\213\306}{}% 2
\BOOKMARK [2][-]{subsection.2.1}{\376\377\116\373\122\241\120\107\213\276}{section.2}% 3
\BOOKMARK [2][-]{subsection.2.2}{\376\377\131\032\201\302\215\357\137\204\211\304\122\022}{section.2}% 4
\BOOKMARK [1][-]{section.3}{\376\377\127\372\116\216\131\047\213\355\212\000\152\041\127\213\166\204\131\032\147\072\126\150\116\272\123\117\117\134}{}% 5
\BOOKMARK [2][-]{subsection.3.1}{\376\377\127\372\116\216\131\047\213\355\212\000\152\041\127\213\166\204\131\032\146\172\200\375\117\123\133\371\213\335}{section.3}% 6
\BOOKMARK [2][-]{subsection.3.2}{\376\377\131\047\213\355\212\000\152\041\127\213\165\037\142\020\166\204\133\120\116\373\122\241\213\241\122\022}{section.3}% 7
\BOOKMARK [2][-]{subsection.3.3}{\376\377\131\047\213\355\212\000\152\041\127\213\137\025\133\374\166\204\200\124\124\010\172\172\225\364\217\320\122\250\211\304\122\022}{section.3}% 8
\BOOKMARK [1][-]{section.4}{\376\377\127\372\121\306\155\113\213\325}{}% 9
\BOOKMARK [1][-]{section.5}{\376\377\133\236\232\214}{}% 10
\BOOKMARK [2][-]{subsection.5.1}{\376\377\000R\000o\000C\000o\000B\000e\000n\000c\000h\000\040\116\073\211\201\176\323\147\234}{section.5}% 11
\BOOKMARK [2][-]{subsection.5.2}{\376\377\131\047\213\355\212\000\152\041\127\213\143\320\121\372\166\204\116\011\176\364\215\357\160\271\166\204\145\110\147\234}{section.5}% 12
\BOOKMARK [2][-]{subsection.5.3}{\376\377\226\366\150\067\147\054\220\002\136\224\116\373\122\241\123\330\123\026}{section.5}% 13
\BOOKMARK [2][-]{subsection.5.4}{\376\377\167\037\133\236\116\026\165\114\133\236\232\214\377\032\116\272\147\072\123\117\117\134}{section.5}% 14
\BOOKMARK [1][-]{section.6}{\376\377\131\032\146\172\200\375\117\123\210\150\137\201\116\016\143\250\164\006\145\160\143\156\226\306}{}% 15
\BOOKMARK [2][-]{subsection.6.1}{\376\377\145\160\143\156\226\306\151\202\217\360}{section.6}% 16
\BOOKMARK [2][-]{subsection.6.2}{\376\377\213\304\117\060\176\323\147\234}{section.6}% 17
\BOOKMARK [1][-]{section.7}{\376\377\134\100\226\120\140\047}{}% 18
\BOOKMARK [1][-]{section.8}{\376\377\166\370\121\163\135\345\117\134}{}% 19
\BOOKMARK [2][-]{subsection.8.1}{\376\377\165\050\116\216\147\072\126\150\116\272\133\146\166\204\131\047\213\355\212\000\152\041\127\213}{section.8}% 20
\BOOKMARK [2][-]{subsection.8.2}{\376\377\165\050\116\216\147\072\126\150\116\272\133\146\166\204\131\032\152\041\140\001\230\204\213\255\176\303}{section.8}% 21
\BOOKMARK [2][-]{subsection.8.3}{\376\377\133\371\213\335\060\001\217\251\213\272\124\214\131\047\213\355\212\000\152\041\127\213\211\322\202\162\142\156\157\024}{section.8}% 22
\BOOKMARK [2][-]{subsection.8.4}{\376\377\131\032\147\072\126\150\116\272\123\117\117\134\116\016\217\320\122\250\211\304\122\022}{section.8}% 23
\BOOKMARK [1][-]{section.9}{\376\377\176\323\213\272}{}% 24
\BOOKMARK [1][-]{appendix.A}{\376\377\000R\000o\000C\000o\000B\000e\000n\000c\000h\000\040\213\346\176\306\145\207\150\143}{}% 25
\BOOKMARK [2][-]{subsection.A.1}{\376\377\116\373\122\241\377\032\156\005\142\153\127\060\227\142}{appendix.A}% 26
\BOOKMARK [2][-]{subsection.A.2}{\376\377\116\373\122\241\377\032\122\066\117\134\116\011\146\016\154\273}{appendix.A}% 27
\BOOKMARK [2][-]{subsection.A.3}{\376\377\116\373\122\241\377\032\122\006\174\173\145\271\127\127}{appendix.A}% 28
\BOOKMARK [2][-]{subsection.A.4}{\376\377\116\373\122\241\377\032\123\005\210\305\147\102\215\047}{appendix.A}% 29
\BOOKMARK [2][-]{subsection.A.5}{\376\377\116\373\122\241\377\032\171\373\122\250\176\363\133\120}{appendix.A}% 30
\BOOKMARK [2][-]{subsection.A.6}{\376\377\116\373\122\241\377\032\145\164\164\006\152\161\147\334}{appendix.A}% 31
\BOOKMARK [1][-]{appendix.B}{\376\377\131\047\213\355\212\000\152\041\127\213\143\320\171\072\213\346\176\306\213\364\146\016}{}% 32
\BOOKMARK [1][-]{appendix.C}{\376\377\163\251\121\167\171\072\117\213\377\032\131\047\213\355\212\000\152\041\127\213\165\050\116\216\116\011\176\364\215\357\137\204\211\304\122\022}{}% 33
\BOOKMARK [1][-]{appendix.D}{\376\377\131\032\146\172\200\375\117\123\210\150\137\201\116\016\143\250\164\006\145\160\143\156\226\306}{}% 34
\BOOKMARK [2][-]{subsection.D.1}{\376\377\201\352\142\021\167\345\213\306\225\356\173\124}{appendix.D}% 35
\BOOKMARK [2][-]{subsection.D.2}{\376\377\147\011\145\110\154\237\220\032\143\021\142\030}{appendix.D}% 36
\BOOKMARK [2][-]{subsection.D.3}{\376\377\220\002\136\224\141\017\131\026\127\072\146\157\143\021\142\030}{appendix.D}% 37
